
> frontend@0.0.0 build
> ng build

[33mΓ¥»[39m Building...
[32mΓ£ö[39m Building...
Application bundle generation failed. [6.078 seconds] - 2026-03-08T14:02:40.076Z

node.exe : 
[1m[33m[33mΓû▓ [43;
33m[[43;30mWARNING[43
;33m][0m 
[1mDuplicate member 
"setUnitTowerFilter" 
in class body[0m [dupl
icate-class-member]
At line:1 char:1
+ & "C:\Program 
Files\nodejs/node.exe" 
"C:\Program 
Files\nodejs/node_mo 
...
+ ~~~~~~~~~~~~~~~~~~~~~
~~~~~~~~~~~~~~~~~~~~~~~
~~~~~~~~~~~~~~~~~~~~~~~
~~
    + CategoryInfo     
         : 
NotSpecified    : 
([1m[33m[33mΓ.    
..e-class-member]:S    
tring) [], RemoteEx    
ception
    + 
FullyQualifiedErr    
orId : NativeComman    
dError
 

    src/app/components/
admin-dashboard/admin-d
ashboard.ts:3884:4:
[37m      3884 Γöé    
 [32msetUnitTowerFilte
r[37m(tower: string): 
void {
           Γò╡     [32
m~~~~~~~~~~~~~~~~~~[0m

  The original member 
"setUnitTowerFilter" 
is here:

    src/app/components/
admin-dashboard/admin-d
ashboard.ts:3741:4:
[37m      3741 Γöé    
 [32msetUnitTowerFilte
r[37m(tower: string): 
void {
           Γò╡     [32
m~~~~~~~~~~~~~~~~~~[0m


[33mΓû▓ [43;33m[[43;
30mWARNING[43;33m][0m
 [1mDuplicate member 
"setUnitFloorFilter" 
in class body[0m [dupl
icate-class-member]

    src/app/components/
admin-dashboard/admin-d
ashboard.ts:3887:4:
[37m      3887 Γöé    
 [32msetUnitFloorFilte
r[37m(floor: any): 
void {
           Γò╡     [32
m~~~~~~~~~~~~~~~~~~[0m

  The original member 
"setUnitFloorFilter" 
is here:

    src/app/components/
admin-dashboard/admin-d
ashboard.ts:3744:4:
[37m      3744 Γöé    
 [32msetUnitFloorFilte
r[37m(floor: any): 
void {
           Γò╡     [32
m~~~~~~~~~~~~~~~~~~[0m

[39m[22m
[1m[31m[31mX [41;31
m[[41;97mERROR[41;31m
][0m [1mTS2393: 
Duplicate function 
implementation.[0m 
[1m[35m[plugin 
angular-compiler][0m

    src/app/components/
admin-dashboard/admin-d
ashboard.ts:406:2:
[37m      406 Γöé   [
32msetUnitTowerFilter[
37m(tower: string): 
void {
          Γò╡   [32m~~
~~~~~~~~~~~~~~~~[0m


[31mX [41;31m[[41;97
mERROR[41;31m][0m 
[1mTS2393: Duplicate 
function 
implementation.[0m 
[1m[35m[plugin 
angular-compiler][0m

    src/app/components/
admin-dashboard/admin-d
ashboard.ts:410:2:
[37m      410 Γöé   [
32msetUnitFloorFilter[
37m(floor: any): void {
          Γò╡   [32m~~
~~~~~~~~~~~~~~~~[0m


[31mX [41;31m[[41;97
mERROR[41;31m][0m 
[1mTS2393: Duplicate 
function 
implementation.[0m 
[1m[35m[plugin 
angular-compiler][0m

    src/app/components/
admin-dashboard/admin-d
ashboard.ts:586:2:
[37m      586 Γöé   [
32msetUnitTowerFilter[
37m(tower: string): 
void {
          Γò╡   [32m~~
~~~~~~~~~~~~~~~~[0m


[31mX [41;31m[[41;97
mERROR[41;31m][0m 
[1mTS2393: Duplicate 
function 
implementation.[0m 
[1m[35m[plugin 
angular-compiler][0m

    src/app/components/
admin-dashboard/admin-d
ashboard.ts:590:2:
[37m      590 Γöé   [
32msetUnitFloorFilter[
37m(floor: any): void {
          Γò╡   [32m~~
~~~~~~~~~~~~~~~~[0m

[39m[22m
